Character Code Point
--------- --------------------
          0
         1
         2
         3
         4
         5
         6
         7
         8
	         9

         10
         11
         12
         13
         14
         15
         16
         17
         18
         19
         20
         21
         22
         23
         24
         25
         26
         27
         28
         29
         30
         31
          32
!         33
"         34
#         35
$         36
%         37
&         38
'         39
(         40
)         41
*         42
+         43
,         44
-         45
.         46
/         47
0         48
1         49
2         50
3         51
4         52
5         53
6         54
7         55
8         56
9         57
:         58
;         59
<         60
=         61
>         62
?         63
@         64
A         65
B         66
C         67
D         68
E         69
F         70
G         71
H         72
I         73
J         74
K         75
L         76
M         77
N         78
O         79
P         80
Q         81
R         82
S         83
T         84
U         85
V         86
W         87
X         88
Y         89
Z         90
[         91
\         92
]         93
^         94
_         95
`         96
a         97
b         98
c         99
d         100
e         101
f         102
g         103
h         104
i         105
j         106
k         107
l         108
m         109
n         110
o         111
p         112
q         113
r         114
s         115
t         116
u         117
v         118
w         119
x         120
y         121
z         122
{         123
|         124
}         125
~         126
         127
€         128
         129
‚         130
ƒ         131
„         132
…         133
†         134
‡         135
         136
‰         137
         138
‹         139
         140
         141
         142
         143
         144
‘         145
’         146
“         147
”         148
•         149
–         150
—         151
         152
™         153
         154
›         155
         156
         157
         158
         159
          160
΅         161
Ά         162
£         163
¤         164
¥         165
¦         166
§         167
¨         168
©         169
         170
«         171
¬         172
­         173
®         174
―         175
°         176
±         177
²         178
³         179
΄         180
µ         181
¶         182
·         183
Έ         184
Ή         185
Ί         186
»         187
Ό         188
½         189
Ύ         190
Ώ         191
ΐ         192
Α         193
Β         194
Γ         195
Δ         196
Ε         197
Ζ         198
Η         199
Θ         200
Ι         201
Κ         202
Λ         203
Μ         204
Ν         205
Ξ         206
Ο         207
Π         208
Ρ         209
         210
Σ         211
Τ         212
Υ         213
Φ         214
Χ         215
Ψ         216
Ω         217
Ϊ         218
Ϋ         219
ά         220
έ         221
ή         222
ί         223
ΰ         224
α         225
β         226
γ         227
δ         228
ε         229
ζ         230
η         231
θ         232
ι         233
κ         234
λ         235
μ         236
ν         237
ξ         238
ο         239
π         240
ρ         241
ς         242
σ         243
τ         244
υ         245
φ         246
χ         247
ψ         248
ω         249
ϊ         250
ϋ         251
ό         252
ύ         253
ώ         254
         255

(256 rows affected)


Completion time: 2021-03-11T15:08:13.8948082+11:00
